Archive member included because of file (symbol)

/usr/lib/gcc/avr/3.4.6/avr5/libgcc.a(_udivmodsi4.o)
                              rf12.o (__udivmodsi4)
/usr/lib/gcc/avr/3.4.6/avr5/libgcc.a(_divmodsi4.o)
                              rf12.o (__divmodsi4)
/usr/lib/gcc/avr/3.4.6/avr5/libgcc.a(_copy_data.o)
                              main.o (__do_copy_data)
/usr/lib/gcc/avr/3.4.6/avr5/libgcc.a(_clear_bss.o)
                              main.o (__do_clear_bss)
/usr/lib/gcc/avr/3.4.6/../../../../avr/lib/avr5/libc.a(sprintf.o)
                              main.o (sprintf)
/usr/lib/gcc/avr/3.4.6/../../../../avr/lib/avr5/libc.a(vfprintf_std.o)
                              /usr/lib/gcc/avr/3.4.6/../../../../avr/lib/avr5/libc.a(sprintf.o) (vfprintf)
/usr/lib/gcc/avr/3.4.6/../../../../avr/lib/avr5/libc.a(strlen_P.o)
                              /usr/lib/gcc/avr/3.4.6/../../../../avr/lib/avr5/libc.a(vfprintf_std.o) (strlen_P)
/usr/lib/gcc/avr/3.4.6/../../../../avr/lib/avr5/libc.a(strnlen_P.o)
                              /usr/lib/gcc/avr/3.4.6/../../../../avr/lib/avr5/libc.a(vfprintf_std.o) (strnlen_P)
/usr/lib/gcc/avr/3.4.6/../../../../avr/lib/avr5/libc.a(strnlen.o)
                              /usr/lib/gcc/avr/3.4.6/../../../../avr/lib/avr5/libc.a(vfprintf_std.o) (strnlen)
/usr/lib/gcc/avr/3.4.6/../../../../avr/lib/avr5/libc.a(fputc.o)
                              /usr/lib/gcc/avr/3.4.6/../../../../avr/lib/avr5/libc.a(vfprintf_std.o) (fputc)

Allocating common symbols
Common symbol       size              file

UART_Tx_Ring_Size   0x1               uart.o
UART_Rx_Index       0x1               uart.o
RF12_status         0x1               rf12.o
RF12_Data           0x6e              rf12.o
UART_Buffer         0x40              uart.o
UART_Tx_Ring_rxptr  0x1               uart.o
UART_Rx_Cmd         0x1               uart.o
UART_Rx_Buffer      0x80              uart.o
UART_Tx_Ring_txptr  0x1               uart.o
UART_Tx_Buffer      0x80              uart.o

Memory Configuration

Name             Origin             Length             Attributes
text             0x0000000000000000 0x0000000000020000 xr
data             0x0000000000800060 0x000000000000ffa0 rw !x
eeprom           0x0000000000810000 0x0000000000010000 rw !x
*default*        0x0000000000000000 0xffffffffffffffff

Linker script and memory map

Address of section .data set to 0x800100
LOAD /usr/lib/gcc/avr/3.4.6/../../../../avr/lib/avr5/crtm32.o
LOAD main.o
LOAD uart.o
LOAD rf12.o
LOAD /usr/lib/gcc/avr/3.4.6/../../../../avr/lib/avr5/libm.a
LOAD /usr/lib/gcc/avr/3.4.6/avr5/libgcc.a
LOAD /usr/lib/gcc/avr/3.4.6/../../../../avr/lib/avr5/libc.a
LOAD /usr/lib/gcc/avr/3.4.6/avr5/libgcc.a

.hash
 *(.hash)

.dynsym
 *(.dynsym)

.dynstr
 *(.dynstr)

.gnu.version
 *(.gnu.version)

.gnu.version_d
 *(.gnu.version_d)

.gnu.version_r
 *(.gnu.version_r)

.rel.init
 *(.rel.init)

.rela.init
 *(.rela.init)

.rel.text
 *(.rel.text)
 *(.rel.text.*)
 *(.rel.gnu.linkonce.t*)

.rela.text
 *(.rela.text)
 *(.rela.text.*)
 *(.rela.gnu.linkonce.t*)

.rel.fini
 *(.rel.fini)

.rela.fini
 *(.rela.fini)

.rel.rodata
 *(.rel.rodata)
 *(.rel.rodata.*)
 *(.rel.gnu.linkonce.r*)

.rela.rodata
 *(.rela.rodata)
 *(.rela.rodata.*)
 *(.rela.gnu.linkonce.r*)

.rel.data
 *(.rel.data)
 *(.rel.data.*)
 *(.rel.gnu.linkonce.d*)

.rela.data
 *(.rela.data)
 *(.rela.data.*)
 *(.rela.gnu.linkonce.d*)

.rel.ctors
 *(.rel.ctors)

.rela.ctors
 *(.rela.ctors)

.rel.dtors
 *(.rel.dtors)

.rela.dtors
 *(.rela.dtors)

.rel.got
 *(.rel.got)

.rela.got
 *(.rela.got)

.rel.bss
 *(.rel.bss)

.rela.bss
 *(.rela.bss)

.rel.plt
 *(.rel.plt)

.rela.plt
 *(.rela.plt)

.text           0x0000000000000000      0xe94
 *(.vectors)
 .vectors       0x0000000000000000       0x54 /usr/lib/gcc/avr/3.4.6/../../../../avr/lib/avr5/crtm32.o
                0x0000000000000000                __vectors
                0x0000000000000000                __vector_default
                0x0000000000000054                __ctors_start = .
 *(.ctors)
                0x0000000000000054                __ctors_end = .
                0x0000000000000054                __dtors_start = .
 *(.dtors)
                0x0000000000000054                __dtors_end = .
 *(.progmem.gcc*)
 *(.progmem*)
                0x0000000000000054                . = ALIGN (0x2)
 *(.init0)
 *(.init1)
 *(.init2)
 .init2         0x0000000000000054        0xc /usr/lib/gcc/avr/3.4.6/../../../../avr/lib/avr5/crtm32.o
 *(.init3)
 *(.init4)
 .init4         0x0000000000000060       0x16 /usr/lib/gcc/avr/3.4.6/avr5/libgcc.a(_copy_data.o)
                0x0000000000000060                __do_copy_data
 .init4         0x0000000000000076       0x10 /usr/lib/gcc/avr/3.4.6/avr5/libgcc.a(_clear_bss.o)
                0x0000000000000076                __do_clear_bss
 *(.init5)
 *(.init6)
 *(.init7)
 *(.init8)
 *(.init9)
 .init9         0x0000000000000086        0x4 /usr/lib/gcc/avr/3.4.6/../../../../avr/lib/avr5/crtm32.o
 *(.text)
 .text          0x000000000000008a        0x4 /usr/lib/gcc/avr/3.4.6/../../../../avr/lib/avr5/crtm32.o
                0x000000000000008a                __vector_12
                0x000000000000008a                __bad_interrupt
                0x000000000000008a                __vector_6
                0x000000000000008a                __vector_3
                0x000000000000008a                __vector_11
                0x000000000000008a                __vector_17
                0x000000000000008a                __vector_19
                0x000000000000008a                __vector_7
                0x000000000000008a                __vector_5
                0x000000000000008a                __vector_4
                0x000000000000008a                __vector_9
                0x000000000000008a                __vector_2
                0x000000000000008a                __vector_15
                0x000000000000008a                __vector_8
                0x000000000000008a                __vector_10
                0x000000000000008a                __vector_16
                0x000000000000008a                __vector_18
                0x000000000000008a                __vector_20
 .text          0x000000000000008e       0xd6 main.o
                0x000000000000008e                main
 .text          0x0000000000000164      0x130 uart.o
                0x000000000000020e                UART_Tx_Str
                0x000000000000026c                UART_Init
                0x0000000000000164                __vector_13
                0x00000000000001be                __vector_14
 .text          0x0000000000000294      0x512 rf12.o
                0x000000000000065c                rf12_txstart
                0x00000000000002f4                __vector_1
                0x00000000000002c4                rf12_trans
                0x0000000000000294                crcUpdate
                0x0000000000000470                rf12_setbandwidth
                0x0000000000000596                rf12_rxfinish
                0x0000000000000776                rf12_txfinished
                0x00000000000004ae                rf12_setfreq
                0x0000000000000518                rf12_setpower
                0x000000000000078a                rf12_allstop
                0x00000000000003f4                rf12_init
                0x0000000000000540                rf12_rxstart
                0x00000000000004ce                rf12_setbaud
 .text          0x00000000000007a6       0x62 /usr/lib/gcc/avr/3.4.6/../../../../avr/lib/avr5/libc.a(sprintf.o)
                0x00000000000007a6                sprintf
 .text          0x0000000000000808      0x57a /usr/lib/gcc/avr/3.4.6/../../../../avr/lib/avr5/libc.a(vfprintf_std.o)
                0x0000000000000808                vfprintf
 .text          0x0000000000000d82       0x12 /usr/lib/gcc/avr/3.4.6/../../../../avr/lib/avr5/libc.a(strlen_P.o)
                0x0000000000000d82                strlen_P
 .text          0x0000000000000d94       0x16 /usr/lib/gcc/avr/3.4.6/../../../../avr/lib/avr5/libc.a(strnlen_P.o)
                0x0000000000000d94                strnlen_P
 .text          0x0000000000000daa       0x16 /usr/lib/gcc/avr/3.4.6/../../../../avr/lib/avr5/libc.a(strnlen.o)
                0x0000000000000daa                strnlen
 .text          0x0000000000000dc0       0x5a /usr/lib/gcc/avr/3.4.6/../../../../avr/lib/avr5/libc.a(fputc.o)
                0x0000000000000dc0                fputc
                0x0000000000000e1a                . = ALIGN (0x2)
 *(.text.*)
 .text.libgcc   0x0000000000000e1a       0x44 /usr/lib/gcc/avr/3.4.6/avr5/libgcc.a(_udivmodsi4.o)
                0x0000000000000e1a                __udivmodsi4
 .text.libgcc   0x0000000000000e5e       0x36 /usr/lib/gcc/avr/3.4.6/avr5/libgcc.a(_divmodsi4.o)
                0x0000000000000e5e                __divmodsi4
                0x0000000000000e94                . = ALIGN (0x2)
 *(.fini9)
 *(.fini8)
 *(.fini7)
 *(.fini6)
 *(.fini5)
 *(.fini4)
 *(.fini3)
 *(.fini2)
 *(.fini1)
 *(.fini0)
                0x0000000000000e94                _etext = .

.data           0x0000000000800100       0x1e load address 0x0000000000000e94
                0x0000000000800100                PROVIDE (__data_start, .)
 *(.data)
 .data          0x0000000000800100       0x1e main.o
 *(.gnu.linkonce.d*)
                0x000000000080011e                . = ALIGN (0x2)
                0x000000000080011e                _edata = .
                0x000000000080011e                PROVIDE (__data_end, .)

.bss            0x000000000080011e      0x1b5
                0x000000000080011e                PROVIDE (__bss_start, .)
 *(.bss)
 .bss           0x000000000080011e        0x1 rf12.o
                0x000000000080011e                RF12_Index
 *(COMMON)
 COMMON         0x000000000080011f      0x145 uart.o
                0x000000000080011f                UART_Tx_Ring_Size
                0x0000000000800120                UART_Rx_Index
                0x0000000000800121                UART_Buffer
                0x0000000000800161                UART_Tx_Ring_rxptr
                0x0000000000800162                UART_Rx_Cmd
                0x0000000000800163                UART_Rx_Buffer
                0x00000000008001e3                UART_Tx_Ring_txptr
                0x00000000008001e4                UART_Tx_Buffer
 COMMON         0x0000000000800264       0x6f rf12.o
                0x0000000000800264                RF12_status
                0x0000000000800265                RF12_Data
                0x00000000008002d3                PROVIDE (__bss_end, .)
                0x0000000000000e94                __data_load_start = LOADADDR (.data)
                0x0000000000000eb2                __data_load_end = (__data_load_start + SIZEOF (.data))

.noinit         0x00000000008002d3        0x0
                0x00000000008002d3                PROVIDE (__noinit_start, .)
 *(.noinit*)
                0x00000000008002d3                PROVIDE (__noinit_end, .)
                0x00000000008002d3                _end = .
                0x00000000008002d3                PROVIDE (__heap_start, .)

.eeprom         0x0000000000810000        0x0
 *(.eeprom*)
                0x0000000000810000                __eeprom_end = .

.stab           0x0000000000000000     0x13b0
 *(.stab)
 .stab          0x0000000000000000      0x36c /usr/lib/gcc/avr/3.4.6/../../../../avr/lib/avr5/crtm32.o
 .stab          0x000000000000036c      0x3f0 /usr/lib/gcc/avr/3.4.6/../../../../avr/lib/avr5/libc.a(sprintf.o)
                                        0x3fc (size before relaxing)
 .stab          0x000000000000075c      0x894 /usr/lib/gcc/avr/3.4.6/../../../../avr/lib/avr5/libc.a(vfprintf_std.o)
                                        0xa74 (size before relaxing)
 .stab          0x0000000000000ff0       0x84 /usr/lib/gcc/avr/3.4.6/../../../../avr/lib/avr5/libc.a(strlen_P.o)
                                         0x90 (size before relaxing)
 .stab          0x0000000000001074       0x9c /usr/lib/gcc/avr/3.4.6/../../../../avr/lib/avr5/libc.a(strnlen_P.o)
                                         0xa8 (size before relaxing)
 .stab          0x0000000000001110       0x9c /usr/lib/gcc/avr/3.4.6/../../../../avr/lib/avr5/libc.a(strnlen.o)
                                         0xa8 (size before relaxing)
 .stab          0x00000000000011ac      0x204 /usr/lib/gcc/avr/3.4.6/../../../../avr/lib/avr5/libc.a(fputc.o)
                                        0x3e4 (size before relaxing)

.stabstr        0x0000000000000000     0x1118
 *(.stabstr)
 .stabstr       0x0000000000000000     0x1118 /usr/lib/gcc/avr/3.4.6/../../../../avr/lib/avr5/crtm32.o

.stab.excl
 *(.stab.excl)

.stab.exclstr
 *(.stab.exclstr)

.stab.index
 *(.stab.index)

.stab.indexstr
 *(.stab.indexstr)

.comment
 *(.comment)

.debug
 *(.debug)

.line
 *(.line)

.debug_srcinfo
 *(.debug_srcinfo)

.debug_sfnames
 *(.debug_sfnames)

.debug_aranges
 *(.debug_aranges)

.debug_pubnames
 *(.debug_pubnames)

.debug_info
 *(.debug_info)
 *(.gnu.linkonce.wi.*)

.debug_abbrev
 *(.debug_abbrev)

.debug_line
 *(.debug_line)

.debug_frame
 *(.debug_frame)

.debug_str
 *(.debug_str)

.debug_loc
 *(.debug_loc)

.debug_macinfo
 *(.debug_macinfo)
OUTPUT(project.out elf32-avr)
